21:45:54 **** Incremental Build of configuration Debug for project stm32f4_Learning_Development ****
make -j8 all 
arm-none-eabi-gcc "../Core/Src/main.c" -mcpu=cortex-m4 -std=gnu11 -g3 -DDEBUG -DUSE_HAL_DRIVER -DSTM32F401xE -c -I../Core/Inc -I../Drivers/STM32F4xx_HAL_Driver/Inc -I../Drivers/STM32F4xx_HAL_Driver/Inc/Legacy -I../Drivers/CMSIS/Device/ST/STM32F4xx/Include -I../Drivers/CMSIS/Include -O0 -ffunction-sections -fdata-sections -Wall -fstack-usage -fcyclomatic-complexity -MMD -MP -MF"Core/Src/main.d" -MT"Core/Src/main.o" --specs=nano.specs -mfpu=fpv4-sp-d16 -mfloat-abi=hard -mthumb -o "Core/Src/main.o"
arm-none-eabi-gcc -o "stm32f4_Learning_Development.elf" @"objects.list"   -mcpu=cortex-m4 -T"A:\stm32f401RE_Nucleo_Project\stm32f4_Learning_Development\STM32F401RETX_FLASH.ld" --specs=nosys.specs -Wl,-Map="stm32f4_Learning_Development.map" -Wl,--gc-sections -static --specs=nano.specs -mfpu=fpv4-sp-d16 -mfloat-abi=hard -mthumb -Wl,--start-group -lc -lm -Wl,--end-group
Finished building target: stm32f4_Learning_Development.elf
 
arm-none-eabi-size  stm32f4_Learning_Development.elf 
arm-none-eabi-objdump -h -S stm32f4_Learning_Development.elf  > "stm32f4_Learning_Development.list"
   text	   data	    bss	    dec	    hex	filename
   5756	     20	   1572	   7348	   1cb4	stm32f4_Learning_Development.elf
Finished building: default.size.stdout
 
Finished building: stm32f4_Learning_Development.list
 
